ECHO: round_tool: selection brush takes 1 of 39 candidate edge(s) in file handblend_step.scad, line 63
RESEAT it=0 dA=1,22505572 dB=1 r=1 step=0,250367854
RESEAT it=1 dA=1,00522588 dB=1 r=1 step=0,00603433203
RESEAT it=2 dA=1 dB=1 r=1 step=1,28197512e-16
SEAT v=0,000000,1,020000,5,714286 d=1 r=1 tied=1 off=8,89169559e-16
SEAT v=0,000000,1,020000,5,714286 d=1 r=1 tied=1 off=1,04738231e-15
RESEAT it=0 dA=1,22505572 dB=1 r=1 step=0,250367854
RESEAT it=1 dA=1,00522588 dB=1 r=1 step=0,00603433203
RESEAT it=2 dA=1 dB=1 r=1 step=2,56395024e-16
SEAT v=0,000000,1,020000,6,666667 d=1 r=1 tied=1 off=9,41038721e-12
SEAT v=0,000000,1,020000,6,666667 d=1 r=1 tied=1 off=4,4408921e-16
RESEAT it=0 dA=1,22505572 dB=1 r=1 step=0,250367854
RESEAT it=1 dA=1,00522588 dB=1 r=1 step=0,00603433203
RESEAT it=2 dA=1 dB=1 r=1 step=5,12790048e-16
SEAT v=0,000000,1,020000,7,619048 d=1 r=1 tied=1 off=2,88277189e-13
SEAT v=0,000000,1,020000,7,619048 d=1 r=1 tied=1 off=5,55111512e-16
RESEAT it=0 dA=1,22505572 dB=1 r=1 step=0,250367854
RESEAT it=1 dA=1,00522588 dB=1 r=1 step=0,00603433203
RESEAT it=2 dA=1 dB=1 r=1 step=0
SEAT v=0,000000,1,020000,8,571429 d=1 r=1 tied=1 off=1,41951307e-11
SEAT v=0,000000,1,020000,8,571429 d=1 r=1 tied=1 off=1,11022302e-16
RESEAT it=0 dA=1,22505572 dB=1 r=1 step=0,250367854
RESEAT it=1 dA=1,00522588 dB=1 r=1 step=0,00603433203
RESEAT it=2 dA=1 dB=1 r=1 step=2,56395024e-16
SEAT v=0,000000,1,020000,9,523810 d=1 r=1 tied=1 off=4,10227813e-12
SEAT v=0,000000,1,020000,9,523810 d=1 r=1 tied=1 off=1,22124533e-15
RESEAT it=0 dA=1,22505572 dB=1 r=1 step=0,250367854
RESEAT it=1 dA=1,00522588 dB=1 r=1 step=0,00603433203
RESEAT it=2 dA=1 dB=1 r=1 step=2,56395024e-16
SEAT v=0,000000,1,020000,10,476190 d=1 r=1 tied=1 off=3,24228913e-12
SEAT v=0,000000,1,020000,10,476190 d=1 r=1 tied=1 off=4,4408921e-16
RESEAT it=0 dA=1,22505572 dB=1 r=1 step=0,250367854
RESEAT it=1 dA=1,00522588 dB=1 r=1 step=0,00603433203
RESEAT it=2 dA=1 dB=1 r=1 step=5,87474803e-16
SEAT v=0,000000,1,020000,11,428571 d=1 r=1 tied=1 off=5,90275668e-13
SEAT v=0,000000,1,020000,11,428571 d=1 r=1 tied=1 off=3,33066907e-16
RESEAT it=0 dA=1,22505572 dB=1 r=1 step=0,250367854
RESEAT it=1 dA=1,00522588 dB=1 r=1 step=0,00603433203
RESEAT it=2 dA=1 dB=1 r=1 step=2,56395024e-16
SEAT v=0,000000,1,020000,12,380952 d=1 r=1 tied=1 off=4,71659256e-12
SEAT v=0,000000,1,020000,12,380952 d=1 r=1 tied=1 off=1,98602732e-15
RESEAT it=0 dA=1,22505572 dB=1 r=1 step=0,250367854
RESEAT it=1 dA=1,00522588 dB=1 r=1 step=0,00603433203
RESEAT it=2 dA=1 dB=1 r=1 step=5,12790048e-16
SEAT v=0,000000,1,020000,13,333333 d=1 r=1 tied=1 off=1,17868173e-12
SEAT v=0,000000,1,020000,13,333333 d=1 r=1 tied=1 off=3,33066907e-16
RESEAT it=0 dA=1,22505572 dB=1 r=1 step=0,250367854
RESEAT it=1 dA=1,00522588 dB=1 r=1 step=0,00603433203
RESEAT it=2 dA=1 dB=1 r=1 step=1,28197513e-16
SEAT v=0,000000,1,020000,14,285714 d=1 r=1 tied=1 off=1,37195636e-12
SEAT v=0,000000,1,020000,14,285714 d=1 r=1 tied=1 off=2,36036653e-15
Geometries in cache: 4
Geometry cache size in bytes: 5464
CGAL Polyhedrons in cache: 2
CGAL cache size in bytes: 23500
Total rendering time: 0:00:00.002
   Top level object is a 3D object (manifold):
   Status:     NoError
   Genus:      0
   Vertices:       66
   Facets:        128
